[2m20:10:20[22m [34m[content][39m Syncing content
[2m20:10:20[22m [34m[content][39m Synced content
[2m20:10:20[22m [34m[types][39m Generated [2m94ms[22m
[2m20:10:20[22m [34m[check][39m Getting diagnostics for Astro files in C:\Users\janne\Documents\vertretungsplan\client...
[96msrc/components/dsbwidgets.tsx[0m:[93m3924[0m:[93m21[0m - [91merror[0m[90m ts(2322): [0mType 'unknown[]' is not assignable to type 'string[]'.
  Type 'unknown' is not assignable to type 'string'.

[7m3924[0m               const hwSubjects: string[] = [...new Set(hw.map((h: any) => getSubjectName(h.course)))];
[7m    [0m [91m                    ~~~~~~~~~~[0m
[96msrc/components/dsbwidgets.tsx[0m:[93m2318[0m:[93m28[0m - [93mwarning[0m[90m ts(6133): [0m'e' is declared but its value is never read.

[7m2318[0m   const handlePointerUp = (e: PointerEvent) => {
[7m    [0m [93m                           ~[0m
[96msrc/components/dsbwidgets.tsx[0m:[93m1779[0m:[93m22[0m - [93mwarning[0m[90m ts(7044): [0mParameter 'prev' implicitly has an 'any' type, but a better type may be inferred from usage.

[7m1779[0m     setEditingColors(prev => {
[7m    [0m [93m                     ~~~~[0m
[96msrc/components/dsbwidgets.tsx[0m:[93m10[0m:[93m44[0m - [93mwarning[0m[90m ts(6133): [0m'ImportantIcon' is declared but its value is never read.

[7m10[0m import { EyeIcon, EyeOffIcon, RefreshIcon, ImportantIcon, FilterIcon, PencilIcon, HelpIcon } from "./icons";
[7m  [0m [93m                                           ~~~~~~~~~~~~~[0m

Result (16 files): 
- 1 error
- 0 warnings
- 3 hints

